Component: ARM Compiler 5.05 update 1 (build 106) Tool: armlink [4d0efa]

==============================================================================

Section Cross References

    ejuno.o(codigo) refers to ejuno.o(datos) for matriz


==============================================================================

Image Symbol Table

    Local Symbols

    Symbol Name                              Value     Ov Type        Size  Object(Section)

    ejuno.s                                  0x00000000   Number         0  ejuno.o ABSOLUTE
    codigo                                   0x40000000   Section      112  ejuno.o(codigo)
    datos                                    0x40000070   Section       35  ejuno.o(datos)
    matriz                                   0x40000070   Data          35  ejuno.o(datos)

    Global Symbols

    Symbol Name                              Value     Ov Type        Size  Object(Section)

    BuildAttributes$$THM_ISAv1$ARM_ISAv4$S$PE$A:L22$X:L11$S22$IEEE1$IW$USESV6$~STKCKD$USESV7$~SHL$OSPACE$EBA8$STANDARDLIB$PRES8$EABIv2 0x00000000   Number         0  anon$$obj.o ABSOLUTE



==============================================================================

Memory Map of the image

  Image Entry point : 0x40000000

  Load Region LR_IRAM1 (Base: 0x40000000, Size: 0x00000094, Max: 0x00004000, ABSOLUTE)

    Execution Region ER_IRAM1 (Base: 0x40000000, Size: 0x00000094, Max: 0xffffffff, ABSOLUTE)

    Base Addr    Size         Type   Attr      Idx    E Section Name        Object

    0x40000000   0x00000070   Code   RO            2  * codigo              ejuno.o
    0x40000070   0x00000023   Data   RW            1    datos               ejuno.o


==============================================================================

Image component sizes


      Code (inc. data)   RO Data    RW Data    ZI Data      Debug   Object Name

       112          4          0         35          0        296   ejuno.o

    ----------------------------------------------------------------------
       112          4          0         36          0        296   Object Totals
         0          0          0          0          0          0   (incl. Generated)
         0          0          0          1          0          0   (incl. Padding)

    ----------------------------------------------------------------------
         0          0          0          0          0          0   Library Totals
         0          0          0          0          0          0   (incl. Padding)

    ----------------------------------------------------------------------

==============================================================================


      Code (inc. data)   RO Data    RW Data    ZI Data      Debug   

       112          4          0         36          0        296   Grand Totals
       112          4          0         36          0        296   ELF Image Totals
       112          4          0         36          0          0   ROM Totals

==============================================================================

    Total RO  Size (Code + RO Data)                  112 (   0.11kB)
    Total RW  Size (RW Data + ZI Data)                36 (   0.04kB)
    Total ROM Size (Code + RO Data + RW Data)        148 (   0.14kB)

==============================================================================

