Component: ARM Compiler 5.05 update 1 (build 106) Tool: armlink [4d0efa]

==============================================================================

Section Cross References

    practica1.o(codigo) refers to practica1.o(datos) for matriz


==============================================================================

Image Symbol Table

    Local Symbols

    Symbol Name                              Value     Ov Type        Size  Object(Section)

    practica1.s                              0x00000000   Number         0  practica1.o ABSOLUTE
    datos                                    0x40000000   Section       35  practica1.o(datos)
    matriz                                   0x40000000   Data           7  practica1.o(datos)
    codigo                                   0x40000024   Section      108  practica1.o(codigo)

    Global Symbols

    Symbol Name                              Value     Ov Type        Size  Object(Section)

    BuildAttributes$$THM_ISAv1$ARM_ISAv4$S$PE$A:L22$X:L11$S22$IEEE1$IW$USESV6$~STKCKD$USESV7$~SHL$OSPACE$EBA8$STANDARDLIB$PRES8$EABIv2 0x00000000   Number         0  anon$$obj.o ABSOLUTE



==============================================================================

Memory Map of the image

  Image Entry point : 0x40000024

  Load Region LR_IRAM1 (Base: 0x40000000, Size: 0x00000090, Max: 0x00004000, ABSOLUTE)

    Execution Region ER_IRAM1 (Base: 0x40000000, Size: 0x00000090, Max: 0xffffffff, ABSOLUTE)

    Base Addr    Size         Type   Attr      Idx    E Section Name        Object

    0x40000000   0x00000023   Data   RO            1    datos               practica1.o
    0x40000023   0x00000001   PAD
    0x40000024   0x0000006c   Code   RW            2  * codigo              practica1.o


==============================================================================

Image component sizes


      Code (inc. data)   RO Data    RW Data    ZI Data      Debug   Object Name

       108          4         35          0          0        300   practica1.o

    ----------------------------------------------------------------------
       108          4         36          0          0        300   Object Totals
         0          0          0          0          0          0   (incl. Generated)
         0          0          1          0          0          0   (incl. Padding)

    ----------------------------------------------------------------------
         0          0          0          0          0          0   Library Totals
         0          0          0          0          0          0   (incl. Padding)

    ----------------------------------------------------------------------

==============================================================================


      Code (inc. data)   RO Data    RW Data    ZI Data      Debug   

       108          4         36          0          0        300   Grand Totals
       108          4         36          0          0        300   ELF Image Totals
       108          4         36          0          0          0   ROM Totals

==============================================================================

    Total RO  Size (Code + RO Data)                  144 (   0.14kB)
    Total RW  Size (RW Data + ZI Data)                 0 (   0.00kB)
    Total ROM Size (Code + RO Data + RW Data)        144 (   0.14kB)

==============================================================================

