<html>
<body>
<pre>
<h1>µVision Build Log</h1>
<h2>Tool Versions:</h2>
IDE-Version: µVision V5.14.0.0
Copyright (C) 2015 ARM Ltd and ARM Germany GmbH. All rights reserved.
License Information: P patribriyus@hot, Hewlett-Packard, LIC=----
 
Tool Versions:
Toolchain:       MDK-Lite  Version: 5.14.0.0
Toolchain Path:  C:\Keil_v5\ARM\ARMCC\Bin
C Compiler:      Armcc.exe V5.05 update 1 (build 106)
Assembler:       Armasm.exe V5.05 update 1 (build 106)
Linker/Locator:  ArmLink.exe V5.05 update 1 (build 106)
Library Manager: ArmAr.exe V5.05 update 1 (build 106)
Hex Converter:   FromElf.exe V5.05 update 1 (build 106)
CPU DLL:         SARM.DLL V5.14.0.0
Dialog DLL:      DARMP.DLL V1.51
Target DLL:      UL2ARM.DLL V1.74.5.0
Dialog DLL:      TARMP.DLL V1.51
 
<h2>Project:</h2>
C:\Users\patri\Desktop\UNIVERSIDAD\CUATRIMESTRE2\AOC 1\Practicas 17-18\p3\practica3.uvproj
Project File Date:  03/24/2018

<h2>Output:</h2>
Build target 'Target 1'
assembling ejuno.s...
linking...
Program Size: Code=112 RO-data=0 RW-data=36 ZI-data=0  
".\Objects\practica3.axf" - 0 Error(s), 0 Warning(s).
</pre>
</body>
</html>
