Component: ARM Compiler 5.05 update 1 (build 106) Tool: armlink [4d0efa]

==============================================================================

Section Cross References

    startup.o(RESET) refers to otra.o(codigo) for inicio
    startup.o(.text) refers to startup.o(HEAP) for Heap_Mem
    startup.o(.text) refers to startup.o(STACK) for Stack_Mem
    rand.o(codigo) refers to rand.o(datos) for rand_x
    otra.o(codigo) refers to rand.o(codigo) for srand
    otra.o(codigo) refers to otra.o(datos) for marcador


==============================================================================

Removing Unused input sections from the image.

    Removing startup.o(STACK), (2048 bytes).
    Removing startup.o(HEAP), (0 bytes).
    Removing startup.o(.text), (28 bytes).

3 unused section(s) (total 2076 bytes) removed from the image.

==============================================================================

Image Symbol Table

    Local Symbols

    Symbol Name                              Value     Ov Type        Size  Object(Section)

    RESET                                    0x00000000   Section      708  startup.o(RESET)
    Startup.s                                0x00000000   Number         0  startup.o ABSOLUTE
    otra.s                                   0x00000000   Number         0  otra.o ABSOLUTE
    rand.s                                   0x00000000   Number         0  rand.o ABSOLUTE
    RSE_Undef                                0x00000040   ARM Code       4  startup.o(RESET)
    RSE_PAbt                                 0x00000044   ARM Code       4  startup.o(RESET)
    RSE_DAbt                                 0x00000048   ARM Code       4  startup.o(RESET)
    RSE_IRQ                                  0x0000004c   ARM Code       4  startup.o(RESET)
    RSE_FIQ                                  0x00000050   ARM Code       4  startup.o(RESET)
    RSE_Reset                                0x00000054   ARM Code       0  startup.o(RESET)
    chanel2irq                               0x00000168   Data          16  startup.o(RESET)
    SO_T                                     0x00000178   Data           4  startup.o(RESET)
    SO_E1                                    0x0000017c   Data          29  startup.o(RESET)
    SO_N                                     0x00000199   Data          48  startup.o(RESET)
    SO_E2                                    0x000001c9   Data          15  startup.o(RESET)
    RSE_SWI                                  0x000001d8   ARM Code       0  startup.o(RESET)
    SO4                                      0x0000023c   ARM Code       0  startup.o(RESET)
    codigo                                   0x40000000   Section      100  rand.o(codigo)
    codigo                                   0x40000064   Section     1360  otra.o(codigo)
    RSI_timer                                0x400004a0   ARM Code       0  otra.o(codigo)
    RSI_teclado                              0x40000500   ARM Code       0  otra.o(codigo)
    datos                                    0x400005b4   Section       12  rand.o(datos)
    rand_x                                   0x400005b4   Data           4  rand.o(datos)
    rand_a                                   0x400005b8   Data           4  rand.o(datos)
    rand_c                                   0x400005bc   Data           4  rand.o(datos)
    datos                                    0x400005c0   Section       84  otra.o(datos)
    reloj                                    0x400005c8   Data           4  otra.o(datos)
    max                                      0x400005cc   Data           4  otra.o(datos)
    cont                                     0x400005d0   Data           4  otra.o(datos)
    dirx                                     0x400005d4   Data           1  otra.o(datos)
    fin                                      0x400005d6   Data           1  otra.o(datos)
    marcador                                 0x400005d8   Data           4  otra.o(datos)
    Mpuntos                                  0x400005dc   Data           4  otra.o(datos)
    pantup                                   0x400005e0   Data           4  otra.o(datos)
    pantdown                                 0x400005e4   Data           4  otra.o(datos)
    finDer                                   0x400005e8   Data           4  otra.o(datos)
    finIzq                                   0x400005ec   Data           4  otra.o(datos)
    contador                                 0x400005f0   Data           4  otra.o(datos)
    puntosTotales                            0x400005f4   Data           4  otra.o(datos)
    contMuertes                              0x400005f8   Data           1  otra.o(datos)
    posArroba                                0x400005fc   Data           4  otra.o(datos)
    posAsterisco1                            0x40000600   Data           4  otra.o(datos)
    posAsterisco2                            0x40000604   Data           4  otra.o(datos)
    posAsterisco3                            0x40000608   Data           4  otra.o(datos)
    posAsterisco4                            0x4000060c   Data           4  otra.o(datos)
    quehabia1                                0x40000610   Data           1  otra.o(datos)
    quehabia2                                0x40000611   Data           1  otra.o(datos)
    quehabia3                                0x40000612   Data           1  otra.o(datos)
    quehabia4                                0x40000613   Data           1  otra.o(datos)

    Global Symbols

    Symbol Name                              Value     Ov Type        Size  Object(Section)

    BuildAttributes$$THM_ISAv1$ARM_ISAv4$S$PE$A:L22$X:L11$S22$IEEE1$IW$USESV6$~STKCKD$USESV7$~SHL$OSPACE$EBA8$STANDARDLIB$EABIv2 0x00000000   Number         0  anon$$obj.o ABSOLUTE
    srand                                    0x40000000   ARM Code       4  rand.o(codigo)
    rand                                     0x4000001c   ARM Code       4  rand.o(codigo)
    inicio                                   0x40000064   ARM Code       0  otra.o(codigo)



==============================================================================

Memory Map of the image

  Image Entry point : 0x00000000

  Load Region LR_IROM1 (Base: 0x00000000, Size: 0x000002c4, Max: 0x00020000, ABSOLUTE)

    Execution Region ER_IROM1 (Base: 0x00000000, Size: 0x000002c4, Max: 0xffffffff, ABSOLUTE)

    Base Addr    Size         Type   Attr      Idx    E Section Name        Object

    0x00000000   0x000002c4   Code   RO            3  * RESET               startup.o



  Load Region LR_IRAM1 (Base: 0x40000000, Size: 0x00000614, Max: 0x00008000, ABSOLUTE)

    Execution Region ER_IRAM1 (Base: 0x40000000, Size: 0x00000614, Max: 0xffffffff, ABSOLUTE)

    Base Addr    Size         Type   Attr      Idx    E Section Name        Object

    0x40000000   0x00000064   Code   RO           12    codigo              rand.o
    0x40000064   0x00000550   Code   RO           16    codigo              otra.o
    0x400005b4   0x0000000c   Data   RW           11    datos               rand.o
    0x400005c0   0x00000054   Data   RW           15    datos               otra.o


==============================================================================

Image component sizes


      Code (inc. data)   RO Data    RW Data    ZI Data      Debug   Object Name

      1360         96          0         84          0        560   otra.o
       100         12          0         12          0        264   rand.o
       708        224          0          0          0        436   startup.o

    ----------------------------------------------------------------------
      2168        332          0         96          0       1260   Object Totals
         0          0          0          0          0          0   (incl. Generated)
         0          0          0          0          0          0   (incl. Padding)

    ----------------------------------------------------------------------
         0          0          0          0          0          0   Library Totals
         0          0          0          0          0          0   (incl. Padding)

    ----------------------------------------------------------------------

==============================================================================


      Code (inc. data)   RO Data    RW Data    ZI Data      Debug   

      2168        332          0         96          0       1260   Grand Totals
      2168        332          0         96          0       1260   ELF Image Totals
      2168        332          0         96          0          0   ROM Totals

==============================================================================

    Total RO  Size (Code + RO Data)                 2168 (   2.12kB)
    Total RW  Size (RW Data + ZI Data)                96 (   0.09kB)
    Total ROM Size (Code + RO Data + RW Data)       2264 (   2.21kB)

==============================================================================

