<html>
<body>
<pre>
<h1>µVision Build Log</h1>
<h2>Project:</h2>
C:\Users\Javier\Desktop\universidad\2 cuatrimestre\arquitectura de computadores\practicas\practica5\prac5\prac5.uvproj
Project File Date:  04/17/2015

<h2>Output:</h2>
assembling prac5.s...
prac5.s(34): warning: A1581W: Added 1 bytes of padding at address 0x1b
prac5.s:    34 0000001c pantup   DCD 0x40007E00 ;marcamos limites de pantalla
prac5.s: 0 Errors, 1 Warning
prac5.s - 0 Error(s), 1 Warning(s).
Build target 'Target 1'
linking...
Program Size: Code=1896 RO-data=0 RW-data=80 ZI-data=0  
"prac5.axf" - 0 Error(s), 0 Warning(s).
Build target 'Target 1'
assembling Startup.s...
assembling prac5.s...
prac5.s(34): warning: A1581W: Added 1 bytes of padding at address 0x1b
prac5.s:    34 0000001c pantup   DCD 0x40007E00 ;marcamos limites de pantalla
prac5.s: 0 Errors, 1 Warning
assembling rand.s...
linking...
Program Size: Code=1896 RO-data=0 RW-data=80 ZI-data=0  
"prac5.axf" - 0 Error(s), 1 Warning(s).
