Component: ARM Compiler 5.05 update 1 (build 106) Tool: armlink [4d0efa]

==============================================================================

Section Cross References

    parte11.o(codigo) refers to parte11.o(datos) for pila
    parte12.o(codigo) refers to parte12.o(datos) for pila


==============================================================================

Removing Unused input sections from the image.

    Removing parte11.o(datos), (2092 bytes).
    Removing parte11.o(codigo), (152 bytes).

2 unused section(s) (total 2244 bytes) removed from the image.

==============================================================================

Image Symbol Table

    Local Symbols

    Symbol Name                              Value     Ov Type        Size  Object(Section)

    parte11.s                                0x00000000   Number         0  parte11.o ABSOLUTE
    parte12.s                                0x00000000   Number         0  parte12.o ABSOLUTE
    codigo                                   0x40000000   Section      272  parte12.o(codigo)
    datos                                    0x40000110   Section     2088  parte12.o(datos)
    T                                        0x40000110   Data          40  parte12.o(datos)
    pila                                     0x40000138   Data        2048  parte12.o(datos)

    Global Symbols

    Symbol Name                              Value     Ov Type        Size  Object(Section)

    BuildAttributes$$THM_ISAv1$ARM_ISAv4$S$PE$A:L22$X:L11$S22$IEEE1$IW$USESV6$~STKCKD$USESV7$~SHL$OSPACE$EBA8$STANDARDLIB$EABIv2 0x00000000   Number         0  anon$$obj.o ABSOLUTE



==============================================================================

Memory Map of the image

  Image Entry point : 0x40000000

  Load Region LR_IRAM1 (Base: 0x40000000, Size: 0x00000938, Max: 0x00004000, ABSOLUTE)

    Execution Region ER_IRAM1 (Base: 0x40000000, Size: 0x00000938, Max: 0xffffffff, ABSOLUTE)

    Base Addr    Size         Type   Attr      Idx    E Section Name        Object

    0x40000000   0x00000110   Code   RO            8  * codigo              parte12.o
    0x40000110   0x00000828   Data   RW            7    datos               parte12.o


==============================================================================

Image component sizes


      Code (inc. data)   RO Data    RW Data    ZI Data      Debug   Object Name

         0          0          0          0          0         32   parte11.o
       272          8          0       2088          0        308   parte12.o

    ----------------------------------------------------------------------
       272          8          0       2088          0        340   Object Totals
         0          0          0          0          0          0   (incl. Generated)
         0          0          0          0          0          0   (incl. Padding)

    ----------------------------------------------------------------------
         0          0          0          0          0          0   Library Totals
         0          0          0          0          0          0   (incl. Padding)

    ----------------------------------------------------------------------

==============================================================================


      Code (inc. data)   RO Data    RW Data    ZI Data      Debug   

       272          8          0       2088          0        340   Grand Totals
       272          8          0       2088          0        340   ELF Image Totals
       272          8          0       2088          0          0   ROM Totals

==============================================================================

    Total RO  Size (Code + RO Data)                  272 (   0.27kB)
    Total RW  Size (RW Data + ZI Data)              2088 (   2.04kB)
    Total ROM Size (Code + RO Data + RW Data)       2360 (   2.30kB)

==============================================================================

